Simulator report for g09_lab2
Fri Feb 21 21:34:22 2014
Quartus II 64-Bit Version 9.1 Build 350 03/24/2010 Service Pack 2 SJ Full Version


---------------------
; Table of Contents ;
---------------------
  1. Legal Notice
  2. Simulator Summary
  3. Simulator Settings
  4. Simulation Waveforms
  5. |g09_binary_to_BCD|lpm_rom:crc_rom|altrom:srom|altsyncram:rom_block|altsyncram_qs01:auto_generated|ALTSYNCRAM
  6. Coverage Summary
  7. Complete 1/0-Value Coverage
  8. Missing 1-Value Coverage
  9. Missing 0-Value Coverage
 10. Simulator INI Usage
 11. Simulator Messages



----------------
; Legal Notice ;
----------------
Copyright (C) 1991-2010 Altera Corporation
Your use of Altera Corporation's design tools, logic functions 
and other software and tools, and its AMPP partner logic 
functions, and any output files from any of the foregoing 
(including device programming or simulation files), and any 
associated documentation or information are expressly subject 
to the terms and conditions of the Altera Program License 
Subscription Agreement, Altera MegaCore Function License 
Agreement, or other applicable license agreement, including, 
without limitation, that your use is for the sole purpose of 
programming logic devices manufactured by Altera and sold by 
Altera or its authorized distributors.  Please refer to the 
applicable agreement for further details.



+--------------------------------------------+
; Simulator Summary                          ;
+-----------------------------+--------------+
; Type                        ; Value        ;
+-----------------------------+--------------+
; Simulation Start Time       ; 0 ps         ;
; Simulation End Time         ; 2.0 us       ;
; Simulation Netlist Size     ; 17 nodes     ;
; Simulation Coverage         ;      66.67 % ;
; Total Number of Transitions ; 433          ;
; Simulation Breakpoints      ; 0            ;
; Family                      ; Cyclone II   ;
; Device                      ; EP2C20F484C7 ;
+-----------------------------+--------------+


+-------------------------------------------------------------------------------------------------------------------------------------------+
; Simulator Settings                                                                                                                        ;
+--------------------------------------------------------------------------------------------+------------------------------+---------------+
; Option                                                                                     ; Setting                      ; Default Value ;
+--------------------------------------------------------------------------------------------+------------------------------+---------------+
; Simulation mode                                                                            ; Timing                       ; Timing        ;
; Start time                                                                                 ; 0 ns                         ; 0 ns          ;
; Simulation results format                                                                  ; CVWF                         ;               ;
; Vector input source                                                                        ; g09_binary_to_BCD_timing.vwf ;               ;
; Add pins automatically to simulation output waveforms                                      ; Off                          ; On            ;
; Check outputs                                                                              ; Off                          ; Off           ;
; Report simulation coverage                                                                 ; On                           ; On            ;
; Display complete 1/0 value coverage report                                                 ; On                           ; On            ;
; Display missing 1-value coverage report                                                    ; On                           ; On            ;
; Display missing 0-value coverage report                                                    ; On                           ; On            ;
; Detect setup and hold time violations                                                      ; Off                          ; Off           ;
; Detect glitches                                                                            ; Off                          ; Off           ;
; Disable timing delays in Timing Simulation                                                 ; Off                          ; Off           ;
; Generate Signal Activity File                                                              ; Off                          ; Off           ;
; Generate VCD File for PowerPlay Power Analyzer                                             ; Off                          ; Off           ;
; Group bus channels in simulation results                                                   ; Off                          ; Off           ;
; Preserve fewer signal transitions to reduce memory requirements                            ; On                           ; On            ;
; Trigger vector comparison with the specified mode                                          ; INPUT_EDGE                   ; INPUT_EDGE    ;
; Disable setup and hold time violations detection in input registers of bi-directional pins ; Off                          ; Off           ;
; Overwrite Waveform Inputs With Simulation Outputs                                          ; On                           ;               ;
; Perform Glitch Filtering in Timing Simulation                                              ; Auto                         ; Auto          ;
+--------------------------------------------------------------------------------------------+------------------------------+---------------+


+----------------------+
; Simulation Waveforms ;
+----------------------+
Waveform report data cannot be output to ASCII.
Please use Quartus II 64-Bit to view the waveform report data.


+---------------------------------------------------------------------------------------------------------------+
; |g09_binary_to_BCD|lpm_rom:crc_rom|altrom:srom|altsyncram:rom_block|altsyncram_qs01:auto_generated|ALTSYNCRAM ;
+---------------------------------------------------------------------------------------------------------------+
Please refer to fitter text-based report (*.fit.rpt) to view logical memory report content in ASCII.


+--------------------------------------------------------------------+
; Coverage Summary                                                   ;
+-----------------------------------------------------+--------------+
; Type                                                ; Value        ;
+-----------------------------------------------------+--------------+
; Total coverage as a percentage                      ;      66.67 % ;
; Total nodes checked                                 ; 17           ;
; Total output ports checked                          ; 24           ;
; Total output ports with complete 1/0-value coverage ; 16           ;
; Total output ports with no 1/0-value coverage       ; 8            ;
; Total output ports with no 1-value coverage         ; 8            ;
; Total output ports with no 0-value coverage         ; 8            ;
+-----------------------------------------------------+--------------+


The following table displays output ports that toggle between 1 and 0 during simulation.
+------------------------------------------------------------------------------------------------------------------------------------------------------------------------------------------------------------------------------------------------+
; Complete 1/0-Value Coverage                                                                                                                                                                                                                    ;
+-----------------------------------------------------------------------------------------------------------------+-----------------------------------------------------------------------------------------------------------+------------------+
; Node Name                                                                                                       ; Output Port Name                                                                                          ; Output Port Type ;
+-----------------------------------------------------------------------------------------------------------------+-----------------------------------------------------------------------------------------------------------+------------------+
; |g09_binary_to_BCD|lpm_rom:crc_rom|altrom:srom|altsyncram:rom_block|altsyncram_qs01:auto_generated|ram_block1a0 ; |g09_binary_to_BCD|lpm_rom:crc_rom|altrom:srom|altsyncram:rom_block|altsyncram_qs01:auto_generated|q_a[0] ; portadataout0    ;
; |g09_binary_to_BCD|lpm_rom:crc_rom|altrom:srom|altsyncram:rom_block|altsyncram_qs01:auto_generated|ram_block1a0 ; |g09_binary_to_BCD|lpm_rom:crc_rom|altrom:srom|altsyncram:rom_block|altsyncram_qs01:auto_generated|q_a[1] ; portadataout1    ;
; |g09_binary_to_BCD|lpm_rom:crc_rom|altrom:srom|altsyncram:rom_block|altsyncram_qs01:auto_generated|ram_block1a0 ; |g09_binary_to_BCD|lpm_rom:crc_rom|altrom:srom|altsyncram:rom_block|altsyncram_qs01:auto_generated|q_a[5] ; portadataout5    ;
; |g09_binary_to_BCD|lpm_rom:crc_rom|altrom:srom|altsyncram:rom_block|altsyncram_qs01:auto_generated|ram_block1a0 ; |g09_binary_to_BCD|lpm_rom:crc_rom|altrom:srom|altsyncram:rom_block|altsyncram_qs01:auto_generated|q_a[6] ; portadataout6    ;
; |g09_binary_to_BCD|BCD[0]                                                                                       ; |g09_binary_to_BCD|BCD[0]                                                                                 ; padio            ;
; |g09_binary_to_BCD|BCD[1]                                                                                       ; |g09_binary_to_BCD|BCD[1]                                                                                 ; padio            ;
; |g09_binary_to_BCD|BCD[5]                                                                                       ; |g09_binary_to_BCD|BCD[5]                                                                                 ; padio            ;
; |g09_binary_to_BCD|BCD[6]                                                                                       ; |g09_binary_to_BCD|BCD[6]                                                                                 ; padio            ;
; |g09_binary_to_BCD|clock                                                                                        ; |g09_binary_to_BCD|clock~corein                                                                           ; combout          ;
; |g09_binary_to_BCD|bin[0]                                                                                       ; |g09_binary_to_BCD|bin[0]~corein                                                                          ; combout          ;
; |g09_binary_to_BCD|bin[1]                                                                                       ; |g09_binary_to_BCD|bin[1]~corein                                                                          ; combout          ;
; |g09_binary_to_BCD|bin[2]                                                                                       ; |g09_binary_to_BCD|bin[2]~corein                                                                          ; combout          ;
; |g09_binary_to_BCD|bin[3]                                                                                       ; |g09_binary_to_BCD|bin[3]~corein                                                                          ; combout          ;
; |g09_binary_to_BCD|bin[4]                                                                                       ; |g09_binary_to_BCD|bin[4]~corein                                                                          ; combout          ;
; |g09_binary_to_BCD|bin[5]                                                                                       ; |g09_binary_to_BCD|bin[5]~corein                                                                          ; combout          ;
; |g09_binary_to_BCD|clock~clkctrl                                                                                ; |g09_binary_to_BCD|clock~clkctrl                                                                          ; outclk           ;
+-----------------------------------------------------------------------------------------------------------------+-----------------------------------------------------------------------------------------------------------+------------------+


The following table displays output ports that do not toggle to 1 during simulation.
+------------------------------------------------------------------------------------------------------------------------------------------------------------------------------------------------------------------------------------------------+
; Missing 1-Value Coverage                                                                                                                                                                                                                       ;
+-----------------------------------------------------------------------------------------------------------------+-----------------------------------------------------------------------------------------------------------+------------------+
; Node Name                                                                                                       ; Output Port Name                                                                                          ; Output Port Type ;
+-----------------------------------------------------------------------------------------------------------------+-----------------------------------------------------------------------------------------------------------+------------------+
; |g09_binary_to_BCD|lpm_rom:crc_rom|altrom:srom|altsyncram:rom_block|altsyncram_qs01:auto_generated|ram_block1a0 ; |g09_binary_to_BCD|lpm_rom:crc_rom|altrom:srom|altsyncram:rom_block|altsyncram_qs01:auto_generated|q_a[2] ; portadataout2    ;
; |g09_binary_to_BCD|lpm_rom:crc_rom|altrom:srom|altsyncram:rom_block|altsyncram_qs01:auto_generated|ram_block1a0 ; |g09_binary_to_BCD|lpm_rom:crc_rom|altrom:srom|altsyncram:rom_block|altsyncram_qs01:auto_generated|q_a[3] ; portadataout3    ;
; |g09_binary_to_BCD|lpm_rom:crc_rom|altrom:srom|altsyncram:rom_block|altsyncram_qs01:auto_generated|ram_block1a0 ; |g09_binary_to_BCD|lpm_rom:crc_rom|altrom:srom|altsyncram:rom_block|altsyncram_qs01:auto_generated|q_a[4] ; portadataout4    ;
; |g09_binary_to_BCD|lpm_rom:crc_rom|altrom:srom|altsyncram:rom_block|altsyncram_qs01:auto_generated|ram_block1a0 ; |g09_binary_to_BCD|lpm_rom:crc_rom|altrom:srom|altsyncram:rom_block|altsyncram_qs01:auto_generated|q_a[7] ; portadataout7    ;
; |g09_binary_to_BCD|BCD[2]                                                                                       ; |g09_binary_to_BCD|BCD[2]                                                                                 ; padio            ;
; |g09_binary_to_BCD|BCD[3]                                                                                       ; |g09_binary_to_BCD|BCD[3]                                                                                 ; padio            ;
; |g09_binary_to_BCD|BCD[4]                                                                                       ; |g09_binary_to_BCD|BCD[4]                                                                                 ; padio            ;
; |g09_binary_to_BCD|BCD[7]                                                                                       ; |g09_binary_to_BCD|BCD[7]                                                                                 ; padio            ;
+-----------------------------------------------------------------------------------------------------------------+-----------------------------------------------------------------------------------------------------------+------------------+


The following table displays output ports that do not toggle to 0 during simulation.
+------------------------------------------------------------------------------------------------------------------------------------------------------------------------------------------------------------------------------------------------+
; Missing 0-Value Coverage                                                                                                                                                                                                                       ;
+-----------------------------------------------------------------------------------------------------------------+-----------------------------------------------------------------------------------------------------------+------------------+
; Node Name                                                                                                       ; Output Port Name                                                                                          ; Output Port Type ;
+-----------------------------------------------------------------------------------------------------------------+-----------------------------------------------------------------------------------------------------------+------------------+
; |g09_binary_to_BCD|lpm_rom:crc_rom|altrom:srom|altsyncram:rom_block|altsyncram_qs01:auto_generated|ram_block1a0 ; |g09_binary_to_BCD|lpm_rom:crc_rom|altrom:srom|altsyncram:rom_block|altsyncram_qs01:auto_generated|q_a[2] ; portadataout2    ;
; |g09_binary_to_BCD|lpm_rom:crc_rom|altrom:srom|altsyncram:rom_block|altsyncram_qs01:auto_generated|ram_block1a0 ; |g09_binary_to_BCD|lpm_rom:crc_rom|altrom:srom|altsyncram:rom_block|altsyncram_qs01:auto_generated|q_a[3] ; portadataout3    ;
; |g09_binary_to_BCD|lpm_rom:crc_rom|altrom:srom|altsyncram:rom_block|altsyncram_qs01:auto_generated|ram_block1a0 ; |g09_binary_to_BCD|lpm_rom:crc_rom|altrom:srom|altsyncram:rom_block|altsyncram_qs01:auto_generated|q_a[4] ; portadataout4    ;
; |g09_binary_to_BCD|lpm_rom:crc_rom|altrom:srom|altsyncram:rom_block|altsyncram_qs01:auto_generated|ram_block1a0 ; |g09_binary_to_BCD|lpm_rom:crc_rom|altrom:srom|altsyncram:rom_block|altsyncram_qs01:auto_generated|q_a[7] ; portadataout7    ;
; |g09_binary_to_BCD|BCD[2]                                                                                       ; |g09_binary_to_BCD|BCD[2]                                                                                 ; padio            ;
; |g09_binary_to_BCD|BCD[3]                                                                                       ; |g09_binary_to_BCD|BCD[3]                                                                                 ; padio            ;
; |g09_binary_to_BCD|BCD[4]                                                                                       ; |g09_binary_to_BCD|BCD[4]                                                                                 ; padio            ;
; |g09_binary_to_BCD|BCD[7]                                                                                       ; |g09_binary_to_BCD|BCD[7]                                                                                 ; padio            ;
+-----------------------------------------------------------------------------------------------------------------+-----------------------------------------------------------------------------------------------------------+------------------+


+---------------------+
; Simulator INI Usage ;
+--------+------------+
; Option ; Usage      ;
+--------+------------+


+--------------------+
; Simulator Messages ;
+--------------------+
Info: *******************************************************************
Info: Running Quartus II 64-Bit Simulator
    Info: Version 9.1 Build 350 03/24/2010 Service Pack 2 SJ Full Version
    Info: Processing started: Fri Feb 21 21:34:21 2014
Info: Command: quartus_sim --read_settings_files=on --write_settings_files=off g09_lab2 -c g09_lab2
Info: Using vector source file "C:/altera/91sp2/quartus/g09_lab2/g09_binary_to_BCD_timing.vwf"
Info: Overwriting simulation input file with simulation results
    Info: A backup of g09_binary_to_BCD_timing.vwf called g09_lab2.sim_ori.vwf has been created in the db folder
Info: Option to preserve fewer signal transitions to reduce memory requirements is enabled
    Info: Simulation has been partitioned into sub-simulations according to the maximum transition count determined by the engine. Transitions from memory will be flushed out to disk at the end of each sub-simulation to reduce memory requirements.
Info: Simulation partitioned into 1 sub-simulations
Info: Simulation coverage is      66.67 %
Info: Number of transitions in simulation is 433
Info: Vector file g09_binary_to_BCD_timing.vwf is saved in VWF text format. You can compress it into CVWF format in order to reduce file size. For more details please refer to the Quartus II Help.
Info: Quartus II 64-Bit Simulator was successful. 0 errors, 0 warnings
    Info: Peak virtual memory: 179 megabytes
    Info: Processing ended: Fri Feb 21 21:34:24 2014
    Info: Elapsed time: 00:00:03
    Info: Total CPU time (on all processors): 00:00:00


